[GET] https://zohtixrgskbzosgfluni.supabase.co/rest/v1/eg_fixtures?select=*&id=eq.354f7a34-977c-4e53-aa83-274e9636e254 => [200] 
[GET] https://zohtixrgskbzosgfluni.supabase.co/rest/v1/eg_teams?select=*&id=in.%288953891c-6af3-4f31-8386-7340f0c27f9c%2C0d8207f2-c6ac-43c7-b3b1-154eb1648fe5%29 => [200] 
[GET] https://zohtixrgskbzosgfluni.supabase.co/rest/v1/eg_teams?select=id%2Cteam_key%2Cslug%2Cname%2Cshort_name%2Clogo_url%2Cprimary_color&id=in.%288953891c-6af3-4f31-8386-7340f0c27f9c%2C0d8207f2-c6ac-43c7-b3b1-154eb1648fe5%29 => [200] 
[GET] https://zohtixrgskbzosgfluni.supabase.co/rest/v1/submissions?select=*&fixture_id=eq.354f7a34-977c-4e53-aa83-274e9636e254 => [200] 
[GET] https://zohtixrgskbzosgfluni.supabase.co/rest/v1/eg_fixture_player_stats?select=player_id%2Cteam_id%2Cdisposals%2Ckicks%2Chandballs%2Cmarks%2Ctackles%2Cclearances&fixture_id=eq.354f7a34-977c-4e53-aa83-274e9636e254 => [200] 
[GET] https://zohtixrgskbzosgfluni.supabase.co/rest/v1/eg_players?select=id%2Cteam_id%2Cname%2Cposition%2Cnumber%2Cheadshot_url%2Cphoto_url&team_id=in.%288953891c-6af3-4f31-8386-7340f0c27f9c%2C0d8207f2-c6ac-43c7-b3b1-154eb1648fe5%29&limit=600 => [200] 
[GET] https://zohtixrgskbzosgfluni.supabase.co/rest/v1/eg_teams?select=id%2Cslug%2Cteam_key%2Cname&slug=in.%28gold-coast-suns%2Cgws-giants%29 => [200] 
[GET] https://zohtixrgskbzosgfluni.supabase.co/rest/v1/eg_players?select=id%2Cteam_id%2Cname%2Cposition%2Cnumber%2Cheadshot_url%2Cphoto_url&team_id=in.%288953891c-6af3-4f31-8386-7340f0c27f9c%2C0d8207f2-c6ac-43c7-b3b1-154eb1648fe5%29&limit=600 => [200] 
[GET] https://zohtixrgskbzosgfluni.supabase.co/rest/v1/eg_teams?select=id%2Cslug%2Cteam_key%2Cname => [200] 
[GET] https://zohtixrgskbzosgfluni.supabase.co/rest/v1/eg_players?select=id%2Cteam_id%2Cname%2Cposition%2Cnumber%2Cheadshot_url%2Cphoto_url&team_id=in.%288953891c-6af3-4f31-8386-7340f0c27f9c%2C0d8207f2-c6ac-43c7-b3b1-154eb1648fe5%29&limit=600 => [200] 
[GET] https://zohtixrgskbzosgfluni.supabase.co/rest/v1/eg_players?select=id%2Cteam_id%2Cteam_name%2Cname%2Cposition%2Cnumber%2Cheadshot_url%2Cphoto_url&team_name=in.%28Gold+Coast+Suns%2CGWS+Giants%29&limit=600 => [200] 
[GET] https://zohtixrgskbzosgfluni.supabase.co/rest/v1/eg_seasons?select=id%2Cslug&slug=eq.preseason-2026 => [200] 
[HEAD] https://zohtixrgskbzosgfluni.supabase.co/rest/v1/eg_fixtures?select=id&season_id=eq.42844812-17f3-4a68-825b-ae7f516a3f0b => [200] 
[HEAD] https://zohtixrgskbzosgfluni.supabase.co/rest/v1/eg_fixtures?select=id&season_id=eq.42844812-17f3-4a68-825b-ae7f516a3f0b => [200] 
[HEAD] https://zohtixrgskbzosgfluni.supabase.co/rest/v1/eg_fixtures?select=id&season_id=eq.42844812-17f3-4a68-825b-ae7f516a3f0b => [200] 
[GET] https://zohtixrgskbzosgfluni.supabase.co/rest/v1/eg_fixtures?select=*&season_id=eq.42844812-17f3-4a68-825b-ae7f516a3f0b&order=round.asc%2Cstart_time.asc&offset=0&limit=2000 => [200] 
[HEAD] https://zohtixrgskbzosgfluni.supabase.co/rest/v1/eg_fixtures?select=id&season_id=eq.42844812-17f3-4a68-825b-ae7f516a3f0b => [200] 
[GET] https://zohtixrgskbzosgfluni.supabase.co/rest/v1/eg_teams?select=*&id=in.%2885de4282-cc6a-4db6-b4f6-8520b69c38de%2C38694aa4-7f1c-4a5f-b306-d094532ae24a%2C0ceb3e8b-4504-4ddd-b7c6-e2bf4215eada%2C501a05f7-174e-4a86-8cea-db048be8b646%2C82880eac-b132-4b23-93d7-0ec25ff0a023%2C6e06405b-7cff-4d56-b852-48cc980c21bb%2C0a73bf79-7321-4fd5-8b67-90fffabdcf01%2C5a697f25-65ef-4a40-9446-c813bbd624dc%2Cd991371b-e2f7-4c95-ad7c-52ea89b07d7b%2Cf70ca36c-612b-439f-850f-4a31fd2df499%2C914ab50f-d78d-4a28-aaef-6e4db1410600%2C4a0822e2-ed7a-4fc4-8e70-bd1d1b92d3f8%2C6689e156-49a9-4066-a22e-259375fa9b04%2C7fddbede-9cbf-4436-9845-1db1739b2476%2C6d7d39fb-1136-4cc8-a68c-bb6a284f2245%2C70c32ca0-2bec-4db6-9b70-b8c8327f51c1%29 => [200] 
[GET] https://zohtixrgskbzosgfluni.supabase.co/rest/v1/eg_teams?select=id%2Cname%2Cslug%2Cshort_name%2Cteam_key%2Clogo_url%2Clogo_path&id=in.%280ceb3e8b-4504-4ddd-b7c6-e2bf4215eada%2C501a05f7-174e-4a86-8cea-db048be8b646%2C0a73bf79-7321-4fd5-8b67-90fffabdcf01%2C5a697f25-65ef-4a40-9446-c813bbd624dc%2C8953891c-6af3-4f31-8386-7340f0c27f9c%2C0d8207f2-c6ac-43c7-b3b1-154eb1648fe5%2C914ab50f-d78d-4a28-aaef-6e4db1410600%2C4a0822e2-ed7a-4fc4-8e70-bd1d1b92d3f8%2C6d7d39fb-1136-4cc8-a68c-bb6a284f2245%2C70c32ca0-2bec-4db6-9b70-b8c8327f51c1%2C85de4282-cc6a-4db6-b4f6-8520b69c38de%2C38694aa4-7f1c-4a5f-b306-d094532ae24a%2C6689e156-49a9-4066-a22e-259375fa9b04%2C7fddbede-9cbf-4436-9845-1db1739b2476%2C82880eac-b132-4b23-93d7-0ec25ff0a023%2C6e06405b-7cff-4d56-b852-48cc980c21bb%2Cd991371b-e2f7-4c95-ad7c-52ea89b07d7b%2Cf70ca36c-612b-439f-850f-4a31fd2df499%29 => [200] 
[GET] https://zohtixrgskbzosgfluni.supabase.co/rest/v1/eg_players?select=id%2Cname%2Cteam_id%2Cposition%2Cnumber%2Cheadshot_url%2Cphoto_url&limit=5000 => [200] 
[GET] https://zohtixrgskbzosgfluni.supabase.co/rest/v1/eg_teams?select=id%2Cname%2Cteam_key%2Cslug&limit=300 => [200] 
[GET] http://127.0.0.1:4173/data/afl-players-2026.csv => [200] OK
[GET] https://zohtixrgskbzosgfluni.supabase.co/rest/v1/eg_players?select=id%2Cteam_id%2Cname%2Cposition%2Cnumber%2Cheadshot_url%2Cphoto_url&id=in.%28824eb64d-8b5d-4c78-83e5-ff366b80a6ee%2Cdfea8667-2a1b-4f0a-8181-794c626e0532%29&limit=2000 => [200] 